******************************************************************************
            TI ARM Clang Linker PC v4.0.4                      
******************************************************************************
>> Linked Thu Jun 18 10:34:21 2026

OUTPUT FILE NAME:   <empty_LP_MSPM0G3507_nortos_ticlang.out>
ENTRY POINT SYMBOL: "_c_int00_noargs"  address: 000016f9


MEMORY CONFIGURATION

         name            origin    length      used     unused   attr    fill
----------------------  --------  ---------  --------  --------  ----  --------
  FLASH                 00000000   00020000  000018b8  0001e748  R  X
  SRAM                  20200000   00008000  00000228  00007dd8  RW X
  BCR_CONFIG            41c00000   000000ff  00000000  000000ff  R   
  BSL_CONFIG            41c00100   00000080  00000000  00000080  R   


SEGMENT ALLOCATION MAP

run origin  load origin   length   init length attrs members
----------  ----------- ---------- ----------- ----- -------
00000000    00000000    000018b8   000018b8    r-x
  00000000    00000000    000000c0   000000c0    r-- .intvecs
  000000c0    000000c0    000016e0   000016e0    r-x .text
  000017a0    000017a0    00000100   00000100    r-- .rodata
  000018a0    000018a0    00000018   00000018    r-- .cinit
20200000    20200000    00000028   00000000    rw-
  20200000    20200000    00000028   00000000    rw- .bss
20207e00    20207e00    00000200   00000000    rw-
  20207e00    20207e00    00000200   00000000    rw- .stack


SECTION ALLOCATION MAP

 output                                  attributes/
section   page    origin      length       input sections
--------  ----  ----------  ----------   ----------------
.intvecs   0    00000000    000000c0     
                  00000000    000000c0     startup_mspm0g350x_ticlang.o (.intvecs)

.text      0    000000c0    000016e0     
                  000000c0    000008d4     empty.o (.text.main)
                  00000994    00000464     empty.o (.text.G356_UART_PrintFloat)
                  00000df8    000001a0     empty.o (.text.G356_ReadPacket)
                  00000f98    000000f4     empty.o (.text.G356_ParseData)
                  0000108c    000000d8     libclang_rt.builtins.a : addsf3.S.obj (.text)
                  00001164    0000008c                            : mulsf3.S.obj (.text.__mulsf3)
                  000011f0    00000082                            : divsf3.S.obj (.text.__divsf3)
                  00001272    00000002     startup_mspm0g350x_ticlang.o (.text.Default_Handler)
                  00001274    00000062     libclang_rt.builtins.a : aeabi_fcmp.S.obj (.text.__aeabi_fcmp)
                  000012d6    00000002                            : aeabi_div0.c.obj (.text.__aeabi_idiv0)
                  000012d8    00000060     ti_msp_dl_config.o (.text.SYSCFG_DL_UART_DEBUG_init)
                  00001338    0000004c     ti_msp_dl_config.o (.text.SYSCFG_DL_SPI_G356_init)
                  00001384    00000048     driverlib.a : dl_uart.o (.text.DL_UART_init)
                  000013cc    00000044                 : dl_spi.o (.text.DL_SPI_init)
                  00001410    00000040     ti_msp_dl_config.o (.text.SYSCFG_DL_SYSCTL_init)
                  00001450    00000040     ti_msp_dl_config.o (.text.SYSCFG_DL_initPower)
                  00001490    00000040     libclang_rt.builtins.a : aeabi_uidivmod.S.obj (.text.__aeabi_uidivmod)
                  000014d0    0000003c                            : floatsisf.S.obj (.text.__floatsisf)
                  0000150c    0000003c                            : comparesf2.S.obj (.text.__gtsf2)
                  00001548    0000003c     libc.a : autoinit.c.obj (.text:__TI_auto_init_nobinit_nopinit)
                  00001584    0000003a     libclang_rt.builtins.a : comparesf2.S.obj (.text.__eqsf2)
                  000015be    00000002     --HOLE-- [fill = 0]
                  000015c0    0000003a                            : muldsi3.S.obj (.text.__muldsi3)
                  000015fa    00000002     --HOLE-- [fill = 0]
                  000015fc    00000038     ti_msp_dl_config.o (.text.SYSCFG_DL_GPIO_init)
                  00001634    00000038     libclang_rt.builtins.a : fixsfsi.S.obj (.text.__fixsfsi)
                  0000166c    00000032                            : fixunssfsi.S.obj (.text.__fixunssfsi)
                  0000169e    00000002     --HOLE-- [fill = 0]
                  000016a0    00000030     driverlib.a : dl_uart.o (.text.DL_UART_transmitDataBlocking)
                  000016d0    00000028     libclang_rt.builtins.a : floatunsisf.S.obj (.text.__floatunsisf)
                  000016f8    00000028     libc.a : boot_cortex_m.c.obj (.text:_c_int00_noargs)
                  00001720    00000024     ti_msp_dl_config.o (.text.SYSCFG_DL_init)
                  00001744    00000016     libc.a : copy_zero_init.c.obj (.text:decompress:ZI:__TI_zero_init_nomemset)
                  0000175a    00000012     driverlib.a : dl_spi.o (.text.DL_SPI_setClockConfig)
                  0000176c    00000012                 : dl_uart.o (.text.DL_UART_setClockConfig)
                  0000177e    0000000a                 : dl_common.o (.text.DL_Common_delayCycles)
                  00001788    00000006     libc.a : exit.c.obj (.text:abort)
                  0000178e    00000004     libsysbm.a : hostexit.c.obj (.text.HOSTexit)
                  00001792    00000004     startup_mspm0g350x_ticlang.o (.text.Reset_Handler)
                  00001796    00000004     libc.a : pre_init.c.obj (.text._system_pre_init)
                  0000179a    00000006     --HOLE-- [fill = 0]

.cinit     0    000018a0    00000018     
                  000018a0    00000008     (.cinit..bss.load) [load image, compression = zero_init]
                  000018a8    00000004     (__TI_handler_table)
                  000018ac    00000008     (__TI_cinit_table)
                  000018b4    00000004     --HOLE-- [fill = 0]

.rodata    0    000017a0    00000100     
                  000017a0    0000002c     empty.o (.rodata.str1.11898133897667081452.1)
                  000017cc    0000002c     empty.o (.rodata.str1.150872071346279890.1)
                  000017f8    0000002c     empty.o (.rodata.str1.16704889451495720520.1)
                  00001824    0000002c     empty.o (.rodata.str1.7401042497206923953.1)
                  00001850    00000025     empty.o (.rodata.str1.7079713434352825882.1)
                  00001875    00000011     empty.o (.rodata.str1.5188585461491877035.1)
                  00001886    0000000a     ti_msp_dl_config.o (.rodata.gSPI_G356_config)
                  00001890    0000000a     ti_msp_dl_config.o (.rodata.gUART_DEBUGConfig)
                  0000189a    00000002     ti_msp_dl_config.o (.rodata.gSPI_G356_clockConfig)
                  0000189c    00000002     ti_msp_dl_config.o (.rodata.gUART_DEBUGClockConfig)
                  0000189e    00000002     --HOLE-- [fill = 0]

.init_array 
*          0    00000000    00000000     UNINITIALIZED

.binit     0    00000000    00000000     

.bss       0    20200000    00000028     UNINITIALIZED
                  20200000    00000028     (.common:gSPI_G356Backup)

.stack     0    20207e00    00000200     UNINITIALIZED
                  20207e00    00000004     libc.a : boot_cortex_m.c.obj (.stack)
                  20207e04    000001fc     --HOLE--

__llvm_prf_cnts 
*          0    20200000    00000000     UNINITIALIZED

__llvm_prf_bits 
*          0    20200000    00000000     UNINITIALIZED

MODULE SUMMARY

       Module                         code   ro data   rw data
       ------                         ----   -------   -------
    .\
       empty.o                        4044   230       0      
       ti_msp_dl_config.o             392    24        40     
       startup_mspm0g350x_ticlang.o   6      192       0      
    +--+------------------------------+------+---------+---------+
       Total:                         4442   446       40     
                                                              
    C:/TI/mspm0_sdk_2_10_00_04/source/ti/driverlib/lib/ticlang/m0p/mspm0g1x0x_g3x0x/driverlib.a
       dl_uart.o                      138    0         0      
       dl_spi.o                       86     0         0      
       dl_common.o                    10     0         0      
    +--+------------------------------+------+---------+---------+
       Total:                         234    0         0      
                                                              
    C:\Program Files\ti\ccs2050\ccs\tools\compiler\ti-cgt-armllvm_4.0.4.LTS\lib\armv6m-ti-none-eabi/c/libc.a
       autoinit.c.obj                 60     0         0      
       boot_cortex_m.c.obj            40     0         0      
       copy_zero_init.c.obj           22     0         0      
       exit.c.obj                     6      0         0      
       pre_init.c.obj                 4      0         0      
    +--+------------------------------+------+---------+---------+
       Total:                         132    0         0      
                                                              
    C:\Program Files\ti\ccs2050\ccs\tools\compiler\ti-cgt-armllvm_4.0.4.LTS\lib\armv6m-ti-none-eabi/c/libsysbm.a
       hostexit.c.obj                 4      0         0      
    +--+------------------------------+------+---------+---------+
       Total:                         4      0         0      
                                                              
    C:\Program Files\ti\ccs2050\ccs\tools\compiler\ti-cgt-armllvm_4.0.4.LTS\lib\armv6m-ti-none-eabi/libclang_rt.builtins.a
       addsf3.S.obj                   216    0         0      
       mulsf3.S.obj                   140    0         0      
       divsf3.S.obj                   130    0         0      
       comparesf2.S.obj               118    0         0      
       aeabi_fcmp.S.obj               98     0         0      
       aeabi_uidivmod.S.obj           64     0         0      
       floatsisf.S.obj                60     0         0      
       muldsi3.S.obj                  58     0         0      
       fixsfsi.S.obj                  56     0         0      
       fixunssfsi.S.obj               50     0         0      
       floatunsisf.S.obj              40     0         0      
       aeabi_div0.c.obj               2      0         0      
    +--+------------------------------+------+---------+---------+
       Total:                         1032   0         0      
                                                              
       Stack:                         0      0         512    
       Linker Generated:              0      20        0      
    +--+------------------------------+------+---------+---------+
       Grand Total:                   5844   466       552    


LINKER GENERATED COPY TABLES

__TI_cinit_table @ 000018ac records: 1, size/record: 8, table size: 8
	.bss: load addr=000018a0, load size=00000008 bytes, run addr=20200000, run size=00000028 bytes, compression=zero_init


LINKER GENERATED HANDLER TABLE

__TI_handler_table @ 000018a8 records: 1, size/record: 4, table size: 4
	index: 0, handler: __TI_zero_init


GLOBAL SYMBOLS: SORTED ALPHABETICALLY BY Name 

address   name                          
-------   ----                          
00001273  ADC0_IRQHandler               
00001273  ADC1_IRQHandler               
00001273  AES_IRQHandler                
0000178e  C$$EXIT                       
00001273  CANFD0_IRQHandler             
00001273  DAC0_IRQHandler               
0000177f  DL_Common_delayCycles         
000013cd  DL_SPI_init                   
0000175b  DL_SPI_setClockConfig         
00001385  DL_UART_init                  
0000176d  DL_UART_setClockConfig        
000016a1  DL_UART_transmitDataBlocking  
00001273  DMA_IRQHandler                
00001273  Default_Handler               
00000f99  G356_ParseData                
00000df9  G356_ReadPacket               
00000995  G356_UART_PrintFloat          
00001273  GROUP0_IRQHandler             
00001273  GROUP1_IRQHandler             
0000178f  HOSTexit                      
00001273  HardFault_Handler             
00001273  I2C0_IRQHandler               
00001273  I2C1_IRQHandler               
00001273  NMI_Handler                   
00001273  PendSV_Handler                
00001273  RTC_IRQHandler                
00001793  Reset_Handler                 
00001273  SPI0_IRQHandler               
00001273  SPI1_IRQHandler               
00001273  SVC_Handler                   
000015fd  SYSCFG_DL_GPIO_init           
00001339  SYSCFG_DL_SPI_G356_init       
00001411  SYSCFG_DL_SYSCTL_init         
000012d9  SYSCFG_DL_UART_DEBUG_init     
00001721  SYSCFG_DL_init                
00001451  SYSCFG_DL_initPower           
00001273  SysTick_Handler               
00001273  TIMA0_IRQHandler              
00001273  TIMA1_IRQHandler              
00001273  TIMG0_IRQHandler              
00001273  TIMG12_IRQHandler             
00001273  TIMG6_IRQHandler              
00001273  TIMG7_IRQHandler              
00001273  TIMG8_IRQHandler              
00001273  UART0_IRQHandler              
00001273  UART1_IRQHandler              
00001273  UART2_IRQHandler              
00001273  UART3_IRQHandler              
20208000  __STACK_END                   
00000200  __STACK_SIZE                  
00000000  __TI_ATRegion0_region_sz      
00000000  __TI_ATRegion0_src_addr       
00000000  __TI_ATRegion0_trg_addr       
00000000  __TI_ATRegion1_region_sz      
00000000  __TI_ATRegion1_src_addr       
00000000  __TI_ATRegion1_trg_addr       
00000000  __TI_ATRegion2_region_sz      
00000000  __TI_ATRegion2_src_addr       
00000000  __TI_ATRegion2_trg_addr       
000018ac  __TI_CINIT_Base               
000018b4  __TI_CINIT_Limit              
000018b4  __TI_CINIT_Warm               
000018a8  __TI_Handler_Table_Base       
000018ac  __TI_Handler_Table_Limit      
00001549  __TI_auto_init_nobinit_nopinit
ffffffff  __TI_pprof_out_hndl           
ffffffff  __TI_prof_data_size           
ffffffff  __TI_prof_data_start          
00000000  __TI_static_base__            
00001745  __TI_zero_init_nomemset       
00001097  __addsf3                      
00001635  __aeabi_f2iz                  
0000166d  __aeabi_f2uiz                 
00001097  __aeabi_fadd                  
00001275  __aeabi_fcmpeq                
000012b1  __aeabi_fcmpge                
000012c5  __aeabi_fcmpgt                
0000129d  __aeabi_fcmple                
00001289  __aeabi_fcmplt                
000011f1  __aeabi_fdiv                  
00001165  __aeabi_fmul                  
0000108d  __aeabi_fsub                  
000014d1  __aeabi_i2f                   
000012d7  __aeabi_idiv0                 
000016d1  __aeabi_ui2f                  
00001491  __aeabi_uidiv                 
00001491  __aeabi_uidivmod              
ffffffff  __binit__                     
00001585  __cmpsf2                      
000011f1  __divsf3                      
00001585  __eqsf2                       
00001635  __fixsfsi                     
0000166d  __fixunssfsi                  
000014d1  __floatsisf                   
000016d1  __floatunsisf                 
0000150d  __gesf2                       
0000150d  __gtsf2                       
00001585  __lesf2                       
00001585  __ltsf2                       
UNDEFED   __mpu_init                    
000015c1  __muldsi3                     
00001165  __mulsf3                      
00001585  __nesf2                       
20207e00  __stack                       
20200000  __start___llvm_prf_bits       
20200000  __start___llvm_prf_cnts       
20200000  __stop___llvm_prf_bits        
20200000  __stop___llvm_prf_cnts        
0000108d  __subsf3                      
000016f9  _c_int00_noargs               
UNDEFED   _system_post_cinit            
00001797  _system_pre_init              
00001789  abort                         
ffffffff  binit                         
20200000  gSPI_G356Backup               
00000000  interruptVectors              
000000c1  main                          


GLOBAL SYMBOLS: SORTED BY Symbol Address 

address   name                          
-------   ----                          
00000000  __TI_ATRegion0_region_sz      
00000000  __TI_ATRegion0_src_addr       
00000000  __TI_ATRegion0_trg_addr       
00000000  __TI_ATRegion1_region_sz      
00000000  __TI_ATRegion1_src_addr       
00000000  __TI_ATRegion1_trg_addr       
00000000  __TI_ATRegion2_region_sz      
00000000  __TI_ATRegion2_src_addr       
00000000  __TI_ATRegion2_trg_addr       
00000000  __TI_static_base__            
00000000  interruptVectors              
000000c1  main                          
00000200  __STACK_SIZE                  
00000995  G356_UART_PrintFloat          
00000df9  G356_ReadPacket               
00000f99  G356_ParseData                
0000108d  __aeabi_fsub                  
0000108d  __subsf3                      
00001097  __addsf3                      
00001097  __aeabi_fadd                  
00001165  __aeabi_fmul                  
00001165  __mulsf3                      
000011f1  __aeabi_fdiv                  
000011f1  __divsf3                      
00001273  ADC0_IRQHandler               
00001273  ADC1_IRQHandler               
00001273  AES_IRQHandler                
00001273  CANFD0_IRQHandler             
00001273  DAC0_IRQHandler               
00001273  DMA_IRQHandler                
00001273  Default_Handler               
00001273  GROUP0_IRQHandler             
00001273  GROUP1_IRQHandler             
00001273  HardFault_Handler             
00001273  I2C0_IRQHandler               
00001273  I2C1_IRQHandler               
00001273  NMI_Handler                   
00001273  PendSV_Handler                
00001273  RTC_IRQHandler                
00001273  SPI0_IRQHandler               
00001273  SPI1_IRQHandler               
00001273  SVC_Handler                   
00001273  SysTick_Handler               
00001273  TIMA0_IRQHandler              
00001273  TIMA1_IRQHandler              
00001273  TIMG0_IRQHandler              
00001273  TIMG12_IRQHandler             
00001273  TIMG6_IRQHandler              
00001273  TIMG7_IRQHandler              
00001273  TIMG8_IRQHandler              
00001273  UART0_IRQHandler              
00001273  UART1_IRQHandler              
00001273  UART2_IRQHandler              
00001273  UART3_IRQHandler              
00001275  __aeabi_fcmpeq                
00001289  __aeabi_fcmplt                
0000129d  __aeabi_fcmple                
000012b1  __aeabi_fcmpge                
000012c5  __aeabi_fcmpgt                
000012d7  __aeabi_idiv0                 
000012d9  SYSCFG_DL_UART_DEBUG_init     
00001339  SYSCFG_DL_SPI_G356_init       
00001385  DL_UART_init                  
000013cd  DL_SPI_init                   
00001411  SYSCFG_DL_SYSCTL_init         
00001451  SYSCFG_DL_initPower           
00001491  __aeabi_uidiv                 
00001491  __aeabi_uidivmod              
000014d1  __aeabi_i2f                   
000014d1  __floatsisf                   
0000150d  __gesf2                       
0000150d  __gtsf2                       
00001549  __TI_auto_init_nobinit_nopinit
00001585  __cmpsf2                      
00001585  __eqsf2                       
00001585  __lesf2                       
00001585  __ltsf2                       
00001585  __nesf2                       
000015c1  __muldsi3                     
000015fd  SYSCFG_DL_GPIO_init           
00001635  __aeabi_f2iz                  
00001635  __fixsfsi                     
0000166d  __aeabi_f2uiz                 
0000166d  __fixunssfsi                  
000016a1  DL_UART_transmitDataBlocking  
000016d1  __aeabi_ui2f                  
000016d1  __floatunsisf                 
000016f9  _c_int00_noargs               
00001721  SYSCFG_DL_init                
00001745  __TI_zero_init_nomemset       
0000175b  DL_SPI_setClockConfig         
0000176d  DL_UART_setClockConfig        
0000177f  DL_Common_delayCycles         
00001789  abort                         
0000178e  C$$EXIT                       
0000178f  HOSTexit                      
00001793  Reset_Handler                 
00001797  _system_pre_init              
000018a8  __TI_Handler_Table_Base       
000018ac  __TI_CINIT_Base               
000018ac  __TI_Handler_Table_Limit      
000018b4  __TI_CINIT_Limit              
000018b4  __TI_CINIT_Warm               
20200000  __start___llvm_prf_bits       
20200000  __start___llvm_prf_cnts       
20200000  __stop___llvm_prf_bits        
20200000  __stop___llvm_prf_cnts        
20200000  gSPI_G356Backup               
20207e00  __stack                       
20208000  __STACK_END                   
ffffffff  __TI_pprof_out_hndl           
ffffffff  __TI_prof_data_size           
ffffffff  __TI_prof_data_start          
ffffffff  __binit__                     
ffffffff  binit                         
UNDEFED   __mpu_init                    
UNDEFED   _system_post_cinit            

[117 symbols]
