******************************************************************************
            TI ARM Clang Linker PC v4.0.4                      
******************************************************************************
>> Linked Tue Jul 14 21:46:36 2026

OUTPUT FILE NAME:   <UART.out>
ENTRY POINT SYMBOL: "_c_int00_noargs"  address: 000018f9


MEMORY CONFIGURATION

         name            origin    length      used     unused   attr    fill
----------------------  --------  ---------  --------  --------  ----  --------
  FLASH                 00000000   00020000  00001ab0  0001e550  R  X
  SRAM                  20200000   00008000  000002bf  00007d41  RW X
  BCR_CONFIG            41c00000   000000ff  00000000  000000ff  R   
  BSL_CONFIG            41c00100   00000080  00000000  00000080  R   


SEGMENT ALLOCATION MAP

run origin  load origin   length   init length attrs members
----------  ----------- ---------- ----------- ----- -------
00000000    00000000    00001ab0   00001ab0    r-x
  00000000    00000000    000000c0   000000c0    r-- .intvecs
  000000c0    000000c0    000018f0   000018f0    r-x .text
  000019b0    000019b0    000000d0   000000d0    r-- .rodata
  00001a80    00001a80    00000030   00000030    r-- .cinit
20200000    20200000    000000bf   00000000    rw-
  20200000    20200000    000000bd   00000000    rw- .bss
  202000bd    202000bd    00000002   00000000    rw- .data
20207e00    20207e00    00000200   00000000    rw-
  20207e00    20207e00    00000200   00000000    rw- .stack


SECTION ALLOCATION MAP

 output                                  attributes/
section   page    origin      length       input sections
--------  ----  ----------  ----------   ----------------
.intvecs   0    00000000    000000c0     
                  00000000    000000c0     startup_mspm0g350x_ticlang.o (.intvecs)

.text      0    000000c0    000018f0     
                  000000c0    00000910     empty.o (.text.main)
                  000009d0    00000464     empty.o (.text.G356_UART_PrintFloat)
                  00000e34    00000180     g356_driver.o (.text.G356_ParseData)
                  00000fb4    0000011c     empty.o (.text.UART1_IRQHandler)
                  000010d0    0000010c     g356_driver.o (.text.G356_FeedByte)
                  000011dc    000000d8     libclang_rt.builtins.a : addsf3.S.obj (.text)
                  000012b4    0000009a     libc.a : memcpy16.S.obj (.text:memcpy)
                  0000134e    00000002     startup_mspm0g350x_ticlang.o (.text.Default_Handler)
                  00001350    0000008c     libclang_rt.builtins.a : mulsf3.S.obj (.text.__mulsf3)
                  000013dc    00000082                            : divsf3.S.obj (.text.__divsf3)
                  0000145e    00000002                            : aeabi_div0.c.obj (.text.__aeabi_idiv0)
                  00001460    0000007c     libc.a : copy_decompress_lzss.c.obj (.text:decompress:lzss)
                  000014dc    00000062     libclang_rt.builtins.a : aeabi_fcmp.S.obj (.text.__aeabi_fcmp)
                  0000153e    00000002     --HOLE-- [fill = 0]
                  00001540    00000060     ti_msp_dl_config.o (.text.SYSCFG_DL_UART_DEBUG_init)
                  000015a0    00000060     ti_msp_dl_config.o (.text.SYSCFG_DL_UART_G356_init)
                  00001600    00000048     driverlib.a : dl_uart.o (.text.DL_UART_init)
                  00001648    00000040     ti_msp_dl_config.o (.text.SYSCFG_DL_SYSCTL_init)
                  00001688    00000040     ti_msp_dl_config.o (.text.SYSCFG_DL_initPower)
                  000016c8    00000040     libclang_rt.builtins.a : aeabi_uidivmod.S.obj (.text.__aeabi_uidivmod)
                  00001708    0000003c                            : floatsisf.S.obj (.text.__floatsisf)
                  00001744    0000003c                            : comparesf2.S.obj (.text.__gtsf2)
                  00001780    0000003c     libc.a : autoinit.c.obj (.text:__TI_auto_init_nobinit_nopinit)
                  000017bc    0000003a     libclang_rt.builtins.a : comparesf2.S.obj (.text.__eqsf2)
                  000017f6    00000002     --HOLE-- [fill = 0]
                  000017f8    0000003a                            : muldsi3.S.obj (.text.__muldsi3)
                  00001832    00000002     --HOLE-- [fill = 0]
                  00001834    00000038                            : fixsfsi.S.obj (.text.__fixsfsi)
                  0000186c    00000032                            : fixunssfsi.S.obj (.text.__fixunssfsi)
                  0000189e    00000002     --HOLE-- [fill = 0]
                  000018a0    00000030     driverlib.a : dl_uart.o (.text.DL_UART_transmitDataBlocking)
                  000018d0    00000028     libclang_rt.builtins.a : floatunsisf.S.obj (.text.__floatunsisf)
                  000018f8    00000028     libc.a : boot_cortex_m.c.obj (.text:_c_int00_noargs)
                  00001920    00000018     ti_msp_dl_config.o (.text.SYSCFG_DL_GPIO_init)
                  00001938    00000018     ti_msp_dl_config.o (.text.SYSCFG_DL_init)
                  00001950    00000016     libc.a : copy_zero_init.c.obj (.text:decompress:ZI:__TI_zero_init_nomemset)
                  00001966    00000012     driverlib.a : dl_uart.o (.text.DL_UART_setClockConfig)
                  00001978    00000012     libc.a : copy_decompress_none.c.obj (.text:decompress:none)
                  0000198a    0000000a     driverlib.a : dl_common.o (.text.DL_Common_delayCycles)
                  00001994    00000008     libclang_rt.builtins.a : aeabi_memcpy.S.obj (.text.__aeabi_memcpy)
                  0000199c    00000006     libc.a : exit.c.obj (.text:abort)
                  000019a2    00000004     libsysbm.a : hostexit.c.obj (.text.HOSTexit)
                  000019a6    00000004     startup_mspm0g350x_ticlang.o (.text.Reset_Handler)
                  000019aa    00000004     libc.a : pre_init.c.obj (.text._system_pre_init)
                  000019ae    00000002     --HOLE-- [fill = 0]

.cinit     0    00001a80    00000030     
                  00001a80    0000000c     (__TI_handler_table)
                  00001a8c    00000008     (.cinit..bss.load) [load image, compression = zero_init]
                  00001a94    00000006     (.cinit..data.load) [load image, compression = lzss]
                  00001a9a    00000002     --HOLE-- [fill = 0]
                  00001a9c    00000010     (__TI_cinit_table)
                  00001aac    00000004     --HOLE-- [fill = 0]

.rodata    0    000019b0    000000d0     
                  000019b0    0000002d     empty.o (.rodata.str1.11898133897667081452.1)
                  000019dd    0000002c     empty.o (.rodata.str1.14685083708502177989.1)
                  00001a09    0000002c     empty.o (.rodata.str1.17669528882079347314.1)
                  00001a35    0000002c     empty.o (.rodata.str1.254342170260855183.1)
                  00001a61    00000001     --HOLE-- [fill = 0]
                  00001a62    0000000a     ti_msp_dl_config.o (.rodata.gUART_DEBUGConfig)
                  00001a6c    0000000a     ti_msp_dl_config.o (.rodata.gUART_G356Config)
                  00001a76    00000002     ti_msp_dl_config.o (.rodata.gUART_DEBUGClockConfig)
                  00001a78    00000002     ti_msp_dl_config.o (.rodata.gUART_G356ClockConfig)
                  00001a7a    00000006     --HOLE-- [fill = 0]

.init_array 
*          0    00000000    00000000     UNINITIALIZED

.binit     0    00000000    00000000     

.bss       0    20200000    000000bd     UNINITIALIZED
                  20200000    00000040     empty.o (.bss.g356_latest_data)
                  20200040    00000038     g356_driver.o (.bss.G356_FeedByte.buf)
                  20200078    00000038     empty.o (.bss.g356_rx_frame_buf)
                  202000b0    00000004     empty.o (.bss.g356_error_count)
                  202000b4    00000004     empty.o (.bss.g356_invalid_count)
                  202000b8    00000004     empty.o (.bss.g356_valid_count)
                  202000bc    00000001     empty.o (.bss.g356_new_frame)

.data      0    202000bd    00000002     UNINITIALIZED
                  202000bd    00000001     g356_driver.o (.data.G356_FeedByte.idx)
                  202000be    00000001     g356_driver.o (.data.G356_FeedByte.state)

.stack     0    20207e00    00000200     UNINITIALIZED
                  20207e00    00000004     libc.a : boot_cortex_m.c.obj (.stack)
                  20207e04    000001fc     --HOLE--

__llvm_prf_cnts 
*          0    20200000    00000000     UNINITIALIZED

__llvm_prf_bits 
*          0    20200000    00000000     UNINITIALIZED

MODULE SUMMARY

       Module                         code   ro data   rw data
       ------                         ----   -------   -------
    .\
       empty.o                        3728   177       133    
       g356_driver.o                  652    0         58     
       ti_msp_dl_config.o             368    24        0      
       startup_mspm0g350x_ticlang.o   6      192       0      
    +--+------------------------------+------+---------+---------+
       Total:                         4754   393       191    
                                                              
    C:/TI/mspm0_sdk_2_10_00_04/source/ti/driverlib/lib/ticlang/m0p/mspm0g1x0x_g3x0x/driverlib.a
       dl_uart.o                      138    0         0      
       dl_common.o                    10     0         0      
    +--+------------------------------+------+---------+---------+
       Total:                         148    0         0      
                                                              
    C:\Program Files\ti\ccs2050\ccs\tools\compiler\ti-cgt-armllvm_4.0.4.LTS\lib\armv6m-ti-none-eabi/c/libc.a
       memcpy16.S.obj                 154    0         0      
       copy_decompress_lzss.c.obj     124    0         0      
       autoinit.c.obj                 60     0         0      
       boot_cortex_m.c.obj            40     0         0      
       copy_zero_init.c.obj           22     0         0      
       copy_decompress_none.c.obj     18     0         0      
       exit.c.obj                     6      0         0      
       pre_init.c.obj                 4      0         0      
    +--+------------------------------+------+---------+---------+
       Total:                         428    0         0      
                                                              
    C:\Program Files\ti\ccs2050\ccs\tools\compiler\ti-cgt-armllvm_4.0.4.LTS\lib\armv6m-ti-none-eabi/c/libsysbm.a
       hostexit.c.obj                 4      0         0      
    +--+------------------------------+------+---------+---------+
       Total:                         4      0         0      
                                                              
    C:\Program Files\ti\ccs2050\ccs\tools\compiler\ti-cgt-armllvm_4.0.4.LTS\lib\armv6m-ti-none-eabi/libclang_rt.builtins.a
       addsf3.S.obj                   216    0         0      
       mulsf3.S.obj                   140    0         0      
       divsf3.S.obj                   130    0         0      
       comparesf2.S.obj               118    0         0      
       aeabi_fcmp.S.obj               98     0         0      
       aeabi_uidivmod.S.obj           64     0         0      
       floatsisf.S.obj                60     0         0      
       muldsi3.S.obj                  58     0         0      
       fixsfsi.S.obj                  56     0         0      
       fixunssfsi.S.obj               50     0         0      
       floatunsisf.S.obj              40     0         0      
       aeabi_memcpy.S.obj             8      0         0      
       aeabi_div0.c.obj               2      0         0      
    +--+------------------------------+------+---------+---------+
       Total:                         1040   0         0      
                                                              
       Stack:                         0      0         512    
       Linker Generated:              0      42        0      
    +--+------------------------------+------+---------+---------+
       Grand Total:                   6374   435       703    


LINKER GENERATED COPY TABLES

__TI_cinit_table @ 00001a9c records: 2, size/record: 8, table size: 16
	.bss: load addr=00001a8c, load size=00000008 bytes, run addr=20200000, run size=000000bd bytes, compression=zero_init
	.data: load addr=00001a94, load size=00000006 bytes, run addr=202000bd, run size=00000002 bytes, compression=lzss


LINKER GENERATED HANDLER TABLE

__TI_handler_table @ 00001a80 records: 3, size/record: 4, table size: 12
	index: 0, handler: __TI_decompress_lzss
	index: 1, handler: __TI_decompress_none
	index: 2, handler: __TI_zero_init


GLOBAL SYMBOLS: SORTED ALPHABETICALLY BY Name 

address   name                          
-------   ----                          
0000134f  ADC0_IRQHandler               
0000134f  ADC1_IRQHandler               
0000134f  AES_IRQHandler                
000019a2  C$$EXIT                       
0000134f  CANFD0_IRQHandler             
0000134f  DAC0_IRQHandler               
0000198b  DL_Common_delayCycles         
00001601  DL_UART_init                  
00001967  DL_UART_setClockConfig        
000018a1  DL_UART_transmitDataBlocking  
0000134f  DMA_IRQHandler                
0000134f  Default_Handler               
000010d1  G356_FeedByte                 
00000e35  G356_ParseData                
0000134f  GROUP0_IRQHandler             
0000134f  GROUP1_IRQHandler             
000019a3  HOSTexit                      
0000134f  HardFault_Handler             
0000134f  I2C0_IRQHandler               
0000134f  I2C1_IRQHandler               
0000134f  NMI_Handler                   
0000134f  PendSV_Handler                
0000134f  RTC_IRQHandler                
000019a7  Reset_Handler                 
0000134f  SPI0_IRQHandler               
0000134f  SPI1_IRQHandler               
0000134f  SVC_Handler                   
00001921  SYSCFG_DL_GPIO_init           
00001649  SYSCFG_DL_SYSCTL_init         
00001541  SYSCFG_DL_UART_DEBUG_init     
000015a1  SYSCFG_DL_UART_G356_init      
00001939  SYSCFG_DL_init                
00001689  SYSCFG_DL_initPower           
0000134f  SysTick_Handler               
0000134f  TIMA0_IRQHandler              
0000134f  TIMA1_IRQHandler              
0000134f  TIMG0_IRQHandler              
0000134f  TIMG12_IRQHandler             
0000134f  TIMG6_IRQHandler              
0000134f  TIMG7_IRQHandler              
0000134f  TIMG8_IRQHandler              
0000134f  UART0_IRQHandler              
00000fb5  UART1_IRQHandler              
0000134f  UART2_IRQHandler              
0000134f  UART3_IRQHandler              
20208000  __STACK_END                   
00000200  __STACK_SIZE                  
00000000  __TI_ATRegion0_region_sz      
00000000  __TI_ATRegion0_src_addr       
00000000  __TI_ATRegion0_trg_addr       
00000000  __TI_ATRegion1_region_sz      
00000000  __TI_ATRegion1_src_addr       
00000000  __TI_ATRegion1_trg_addr       
00000000  __TI_ATRegion2_region_sz      
00000000  __TI_ATRegion2_src_addr       
00000000  __TI_ATRegion2_trg_addr       
00001a9c  __TI_CINIT_Base               
00001aac  __TI_CINIT_Limit              
00001aac  __TI_CINIT_Warm               
00001a80  __TI_Handler_Table_Base       
00001a8c  __TI_Handler_Table_Limit      
00001781  __TI_auto_init_nobinit_nopinit
00001461  __TI_decompress_lzss          
00001979  __TI_decompress_none          
ffffffff  __TI_pprof_out_hndl           
ffffffff  __TI_prof_data_size           
ffffffff  __TI_prof_data_start          
00000000  __TI_static_base__            
00001951  __TI_zero_init_nomemset       
000011e7  __addsf3                      
00001835  __aeabi_f2iz                  
0000186d  __aeabi_f2uiz                 
000011e7  __aeabi_fadd                  
000014dd  __aeabi_fcmpeq                
00001519  __aeabi_fcmpge                
0000152d  __aeabi_fcmpgt                
00001505  __aeabi_fcmple                
000014f1  __aeabi_fcmplt                
000013dd  __aeabi_fdiv                  
00001351  __aeabi_fmul                  
000011dd  __aeabi_fsub                  
00001709  __aeabi_i2f                   
0000145f  __aeabi_idiv0                 
00001995  __aeabi_memcpy                
00001995  __aeabi_memcpy4               
00001995  __aeabi_memcpy8               
000018d1  __aeabi_ui2f                  
000016c9  __aeabi_uidiv                 
000016c9  __aeabi_uidivmod              
ffffffff  __binit__                     
000017bd  __cmpsf2                      
000013dd  __divsf3                      
000017bd  __eqsf2                       
00001835  __fixsfsi                     
0000186d  __fixunssfsi                  
00001709  __floatsisf                   
000018d1  __floatunsisf                 
00001745  __gesf2                       
00001745  __gtsf2                       
000017bd  __lesf2                       
000017bd  __ltsf2                       
UNDEFED   __mpu_init                    
000017f9  __muldsi3                     
00001351  __mulsf3                      
000017bd  __nesf2                       
20207e00  __stack                       
20200000  __start___llvm_prf_bits       
20200000  __start___llvm_prf_cnts       
20200000  __stop___llvm_prf_bits        
20200000  __stop___llvm_prf_cnts        
000011dd  __subsf3                      
000018f9  _c_int00_noargs               
UNDEFED   _system_post_cinit            
000019ab  _system_pre_init              
0000199d  abort                         
ffffffff  binit                         
00000000  interruptVectors              
000000c1  main                          
000012b5  memcpy                        


GLOBAL SYMBOLS: SORTED BY Symbol Address 

address   name                          
-------   ----                          
00000000  __TI_ATRegion0_region_sz      
00000000  __TI_ATRegion0_src_addr       
00000000  __TI_ATRegion0_trg_addr       
00000000  __TI_ATRegion1_region_sz      
00000000  __TI_ATRegion1_src_addr       
00000000  __TI_ATRegion1_trg_addr       
00000000  __TI_ATRegion2_region_sz      
00000000  __TI_ATRegion2_src_addr       
00000000  __TI_ATRegion2_trg_addr       
00000000  __TI_static_base__            
00000000  interruptVectors              
000000c1  main                          
00000200  __STACK_SIZE                  
00000e35  G356_ParseData                
00000fb5  UART1_IRQHandler              
000010d1  G356_FeedByte                 
000011dd  __aeabi_fsub                  
000011dd  __subsf3                      
000011e7  __addsf3                      
000011e7  __aeabi_fadd                  
000012b5  memcpy                        
0000134f  ADC0_IRQHandler               
0000134f  ADC1_IRQHandler               
0000134f  AES_IRQHandler                
0000134f  CANFD0_IRQHandler             
0000134f  DAC0_IRQHandler               
0000134f  DMA_IRQHandler                
0000134f  Default_Handler               
0000134f  GROUP0_IRQHandler             
0000134f  GROUP1_IRQHandler             
0000134f  HardFault_Handler             
0000134f  I2C0_IRQHandler               
0000134f  I2C1_IRQHandler               
0000134f  NMI_Handler                   
0000134f  PendSV_Handler                
0000134f  RTC_IRQHandler                
0000134f  SPI0_IRQHandler               
0000134f  SPI1_IRQHandler               
0000134f  SVC_Handler                   
0000134f  SysTick_Handler               
0000134f  TIMA0_IRQHandler              
0000134f  TIMA1_IRQHandler              
0000134f  TIMG0_IRQHandler              
0000134f  TIMG12_IRQHandler             
0000134f  TIMG6_IRQHandler              
0000134f  TIMG7_IRQHandler              
0000134f  TIMG8_IRQHandler              
0000134f  UART0_IRQHandler              
0000134f  UART2_IRQHandler              
0000134f  UART3_IRQHandler              
00001351  __aeabi_fmul                  
00001351  __mulsf3                      
000013dd  __aeabi_fdiv                  
000013dd  __divsf3                      
0000145f  __aeabi_idiv0                 
00001461  __TI_decompress_lzss          
000014dd  __aeabi_fcmpeq                
000014f1  __aeabi_fcmplt                
00001505  __aeabi_fcmple                
00001519  __aeabi_fcmpge                
0000152d  __aeabi_fcmpgt                
00001541  SYSCFG_DL_UART_DEBUG_init     
000015a1  SYSCFG_DL_UART_G356_init      
00001601  DL_UART_init                  
00001649  SYSCFG_DL_SYSCTL_init         
00001689  SYSCFG_DL_initPower           
000016c9  __aeabi_uidiv                 
000016c9  __aeabi_uidivmod              
00001709  __aeabi_i2f                   
00001709  __floatsisf                   
00001745  __gesf2                       
00001745  __gtsf2                       
00001781  __TI_auto_init_nobinit_nopinit
000017bd  __cmpsf2                      
000017bd  __eqsf2                       
000017bd  __lesf2                       
000017bd  __ltsf2                       
000017bd  __nesf2                       
000017f9  __muldsi3                     
00001835  __aeabi_f2iz                  
00001835  __fixsfsi                     
0000186d  __aeabi_f2uiz                 
0000186d  __fixunssfsi                  
000018a1  DL_UART_transmitDataBlocking  
000018d1  __aeabi_ui2f                  
000018d1  __floatunsisf                 
000018f9  _c_int00_noargs               
00001921  SYSCFG_DL_GPIO_init           
00001939  SYSCFG_DL_init                
00001951  __TI_zero_init_nomemset       
00001967  DL_UART_setClockConfig        
00001979  __TI_decompress_none          
0000198b  DL_Common_delayCycles         
00001995  __aeabi_memcpy                
00001995  __aeabi_memcpy4               
00001995  __aeabi_memcpy8               
0000199d  abort                         
000019a2  C$$EXIT                       
000019a3  HOSTexit                      
000019a7  Reset_Handler                 
000019ab  _system_pre_init              
00001a80  __TI_Handler_Table_Base       
00001a8c  __TI_Handler_Table_Limit      
00001a9c  __TI_CINIT_Base               
00001aac  __TI_CINIT_Limit              
00001aac  __TI_CINIT_Warm               
20200000  __start___llvm_prf_bits       
20200000  __start___llvm_prf_cnts       
20200000  __stop___llvm_prf_bits        
20200000  __stop___llvm_prf_cnts        
20207e00  __stack                       
20208000  __STACK_END                   
ffffffff  __TI_pprof_out_hndl           
ffffffff  __TI_prof_data_size           
ffffffff  __TI_prof_data_start          
ffffffff  __binit__                     
ffffffff  binit                         
UNDEFED   __mpu_init                    
UNDEFED   _system_post_cinit            

[119 symbols]
