******************************************************************************
            TI ARM Clang Linker PC v4.0.4                      
******************************************************************************
>> Linked Sat Jun 20 16:55:28 2026

OUTPUT FILE NAME:   <UART.out>
ENTRY POINT SYMBOL: "_c_int00_noargs"  address: 00001529


MEMORY CONFIGURATION

         name            origin    length      used     unused   attr    fill
----------------------  --------  ---------  --------  --------  ----  --------
  FLASH                 00000000   00020000  00001728  0001e8d8  R  X
  SRAM                  20200000   00008000  00000222  00007dde  RW X
  BCR_CONFIG            41c00000   000000ff  00000000  000000ff  R   
  BSL_CONFIG            41c00100   00000080  00000000  00000080  R   


SEGMENT ALLOCATION MAP

run origin  load origin   length   init length attrs members
----------  ----------- ---------- ----------- ----- -------
00000000    00000000    00001728   00001728    r-x
  00000000    00000000    000000c0   000000c0    r-- .intvecs
  000000c0    000000c0    00001540   00001540    r-x .text
  00001600    00001600    000000f8   000000f8    r-- .rodata
  000016f8    000016f8    00000030   00000030    r-- .cinit
20200000    20200000    00000022   00000000    rw-
  20200000    20200000    00000020   00000000    rw- .bss
  20200020    20200020    00000002   00000000    rw- .data
20207e00    20207e00    00000200   00000000    rw-
  20207e00    20207e00    00000200   00000000    rw- .stack


SECTION ALLOCATION MAP

 output                                  attributes/
section   page    origin      length       input sections
--------  ----  ----------  ----------   ----------------
.intvecs   0    00000000    000000c0     
                  00000000    000000c0     startup_mspm0g350x_ticlang.o (.intvecs)

.text      0    000000c0    00001540     
                  000000c0    000006f4     empty.o (.text.main)
                  000007b4    00000464     empty.o (.text.G356_UART_PrintFloat)
                  00000c18    00000100     g356_driver.o (.text.G356_FeedByte)
                  00000d18    000000f4     g356_driver.o (.text.G356_ParseData)
                  00000e0c    000000d8     libclang_rt.builtins.a : addsf3.S.obj (.text)
                  00000ee4    0000009a     libc.a : memcpy16.S.obj (.text:memcpy)
                  00000f7e    00000002     startup_mspm0g350x_ticlang.o (.text.Default_Handler)
                  00000f80    0000008c     libclang_rt.builtins.a : mulsf3.S.obj (.text.__mulsf3)
                  0000100c    00000082                            : divsf3.S.obj (.text.__divsf3)
                  0000108e    00000002                            : aeabi_div0.c.obj (.text.__aeabi_idiv0)
                  00001090    0000007c     libc.a : copy_decompress_lzss.c.obj (.text:decompress:lzss)
                  0000110c    00000062     libclang_rt.builtins.a : aeabi_fcmp.S.obj (.text.__aeabi_fcmp)
                  0000116e    00000002     --HOLE-- [fill = 0]
                  00001170    00000060     ti_msp_dl_config.o (.text.SYSCFG_DL_UART_DEBUG_init)
                  000011d0    00000060     ti_msp_dl_config.o (.text.SYSCFG_DL_UART_G356_init)
                  00001230    00000048     driverlib.a : dl_uart.o (.text.DL_UART_init)
                  00001278    00000040     ti_msp_dl_config.o (.text.SYSCFG_DL_SYSCTL_init)
                  000012b8    00000040     ti_msp_dl_config.o (.text.SYSCFG_DL_initPower)
                  000012f8    00000040     libclang_rt.builtins.a : aeabi_uidivmod.S.obj (.text.__aeabi_uidivmod)
                  00001338    0000003c                            : floatsisf.S.obj (.text.__floatsisf)
                  00001374    0000003c                            : comparesf2.S.obj (.text.__gtsf2)
                  000013b0    0000003c     libc.a : autoinit.c.obj (.text:__TI_auto_init_nobinit_nopinit)
                  000013ec    0000003a     libclang_rt.builtins.a : comparesf2.S.obj (.text.__eqsf2)
                  00001426    00000002     --HOLE-- [fill = 0]
                  00001428    0000003a                            : muldsi3.S.obj (.text.__muldsi3)
                  00001462    00000002     --HOLE-- [fill = 0]
                  00001464    00000038                            : fixsfsi.S.obj (.text.__fixsfsi)
                  0000149c    00000032                            : fixunssfsi.S.obj (.text.__fixunssfsi)
                  000014ce    00000002     --HOLE-- [fill = 0]
                  000014d0    00000030     driverlib.a : dl_uart.o (.text.DL_UART_transmitDataBlocking)
                  00001500    00000028     libclang_rt.builtins.a : floatunsisf.S.obj (.text.__floatunsisf)
                  00001528    00000028     libc.a : boot_cortex_m.c.obj (.text:_c_int00_noargs)
                  00001550    00000020     driverlib.a : dl_uart.o (.text.DL_UART_receiveDataBlocking)
                  00001570    00000018     ti_msp_dl_config.o (.text.SYSCFG_DL_GPIO_init)
                  00001588    00000018     ti_msp_dl_config.o (.text.SYSCFG_DL_init)
                  000015a0    00000016     libc.a : copy_zero_init.c.obj (.text:decompress:ZI:__TI_zero_init_nomemset)
                  000015b6    00000012     driverlib.a : dl_uart.o (.text.DL_UART_setClockConfig)
                  000015c8    00000012     libc.a : copy_decompress_none.c.obj (.text:decompress:none)
                  000015da    0000000a     driverlib.a : dl_common.o (.text.DL_Common_delayCycles)
                  000015e4    00000008     libclang_rt.builtins.a : aeabi_memcpy.S.obj (.text.__aeabi_memcpy)
                  000015ec    00000006     libc.a : exit.c.obj (.text:abort)
                  000015f2    00000004     libsysbm.a : hostexit.c.obj (.text.HOSTexit)
                  000015f6    00000004     startup_mspm0g350x_ticlang.o (.text.Reset_Handler)
                  000015fa    00000004     libc.a : pre_init.c.obj (.text._system_pre_init)
                  000015fe    00000002     --HOLE-- [fill = 0]

.cinit     0    000016f8    00000030     
                  000016f8    0000000c     (__TI_handler_table)
                  00001704    00000008     (.cinit..bss.load) [load image, compression = zero_init]
                  0000170c    00000006     (.cinit..data.load) [load image, compression = lzss]
                  00001712    00000002     --HOLE-- [fill = 0]
                  00001714    00000010     (__TI_cinit_table)
                  00001724    00000004     --HOLE-- [fill = 0]

.rodata    0    00001600    000000f8     
                  00001600    0000002c     empty.o (.rodata.str1.11898133897667081452.1)
                  0000162c    0000002c     empty.o (.rodata.str1.14685083708502177989.1)
                  00001658    0000002c     empty.o (.rodata.str1.17669528882079347314.1)
                  00001684    0000002c     empty.o (.rodata.str1.254342170260855183.1)
                  000016b0    0000002b     empty.o (.rodata.str1.11822412164550770238.1)
                  000016db    00000001     --HOLE-- [fill = 0]
                  000016dc    0000000a     ti_msp_dl_config.o (.rodata.gUART_DEBUGConfig)
                  000016e6    0000000a     ti_msp_dl_config.o (.rodata.gUART_G356Config)
                  000016f0    00000002     ti_msp_dl_config.o (.rodata.gUART_DEBUGClockConfig)
                  000016f2    00000002     ti_msp_dl_config.o (.rodata.gUART_G356ClockConfig)
                  000016f4    00000004     --HOLE-- [fill = 0]

.init_array 
*          0    00000000    00000000     UNINITIALIZED

.binit     0    00000000    00000000     

.bss       0    20200000    00000020     UNINITIALIZED
                  20200000    00000020     g356_driver.o (.bss.G356_FeedByte.buf)

.data      0    20200020    00000002     UNINITIALIZED
                  20200020    00000001     g356_driver.o (.data.G356_FeedByte.idx)
                  20200021    00000001     g356_driver.o (.data.G356_FeedByte.state)

.stack     0    20207e00    00000200     UNINITIALIZED
                  20207e00    00000004     libc.a : boot_cortex_m.c.obj (.stack)
                  20207e04    000001fc     --HOLE--

__llvm_prf_cnts 
*          0    20200000    00000000     UNINITIALIZED

__llvm_prf_bits 
*          0    20200000    00000000     UNINITIALIZED

MODULE SUMMARY

       Module                         code   ro data   rw data
       ------                         ----   -------   -------
    .\
       empty.o                        2904   219       0      
       g356_driver.o                  500    0         34     
       ti_msp_dl_config.o             368    24        0      
       startup_mspm0g350x_ticlang.o   6      192       0      
    +--+------------------------------+------+---------+---------+
       Total:                         3778   435       34     
                                                              
    C:/TI/mspm0_sdk_2_10_00_04/source/ti/driverlib/lib/ticlang/m0p/mspm0g1x0x_g3x0x/driverlib.a
       dl_uart.o                      170    0         0      
       dl_common.o                    10     0         0      
    +--+------------------------------+------+---------+---------+
       Total:                         180    0         0      
                                                              
    C:\Program Files\ti\ccs2050\ccs\tools\compiler\ti-cgt-armllvm_4.0.4.LTS\lib\armv6m-ti-none-eabi/c/libc.a
       memcpy16.S.obj                 154    0         0      
       copy_decompress_lzss.c.obj     124    0         0      
       autoinit.c.obj                 60     0         0      
       boot_cortex_m.c.obj            40     0         0      
       copy_zero_init.c.obj           22     0         0      
       copy_decompress_none.c.obj     18     0         0      
       exit.c.obj                     6      0         0      
       pre_init.c.obj                 4      0         0      
    +--+------------------------------+------+---------+---------+
       Total:                         428    0         0      
                                                              
    C:\Program Files\ti\ccs2050\ccs\tools\compiler\ti-cgt-armllvm_4.0.4.LTS\lib\armv6m-ti-none-eabi/c/libsysbm.a
       hostexit.c.obj                 4      0         0      
    +--+------------------------------+------+---------+---------+
       Total:                         4      0         0      
                                                              
    C:\Program Files\ti\ccs2050\ccs\tools\compiler\ti-cgt-armllvm_4.0.4.LTS\lib\armv6m-ti-none-eabi/libclang_rt.builtins.a
       addsf3.S.obj                   216    0         0      
       mulsf3.S.obj                   140    0         0      
       divsf3.S.obj                   130    0         0      
       comparesf2.S.obj               118    0         0      
       aeabi_fcmp.S.obj               98     0         0      
       aeabi_uidivmod.S.obj           64     0         0      
       floatsisf.S.obj                60     0         0      
       muldsi3.S.obj                  58     0         0      
       fixsfsi.S.obj                  56     0         0      
       fixunssfsi.S.obj               50     0         0      
       floatunsisf.S.obj              40     0         0      
       aeabi_memcpy.S.obj             8      0         0      
       aeabi_div0.c.obj               2      0         0      
    +--+------------------------------+------+---------+---------+
       Total:                         1040   0         0      
                                                              
       Stack:                         0      0         512    
       Linker Generated:              0      42        0      
    +--+------------------------------+------+---------+---------+
       Grand Total:                   5430   477       546    


LINKER GENERATED COPY TABLES

__TI_cinit_table @ 00001714 records: 2, size/record: 8, table size: 16
	.bss: load addr=00001704, load size=00000008 bytes, run addr=20200000, run size=00000020 bytes, compression=zero_init
	.data: load addr=0000170c, load size=00000006 bytes, run addr=20200020, run size=00000002 bytes, compression=lzss


LINKER GENERATED HANDLER TABLE

__TI_handler_table @ 000016f8 records: 3, size/record: 4, table size: 12
	index: 0, handler: __TI_decompress_lzss
	index: 1, handler: __TI_decompress_none
	index: 2, handler: __TI_zero_init


GLOBAL SYMBOLS: SORTED ALPHABETICALLY BY Name 

address   name                          
-------   ----                          
00000f7f  ADC0_IRQHandler               
00000f7f  ADC1_IRQHandler               
00000f7f  AES_IRQHandler                
000015f2  C$$EXIT                       
00000f7f  CANFD0_IRQHandler             
00000f7f  DAC0_IRQHandler               
000015db  DL_Common_delayCycles         
00001231  DL_UART_init                  
00001551  DL_UART_receiveDataBlocking   
000015b7  DL_UART_setClockConfig        
000014d1  DL_UART_transmitDataBlocking  
00000f7f  DMA_IRQHandler                
00000f7f  Default_Handler               
00000c19  G356_FeedByte                 
00000d19  G356_ParseData                
00000f7f  GROUP0_IRQHandler             
00000f7f  GROUP1_IRQHandler             
000015f3  HOSTexit                      
00000f7f  HardFault_Handler             
00000f7f  I2C0_IRQHandler               
00000f7f  I2C1_IRQHandler               
00000f7f  NMI_Handler                   
00000f7f  PendSV_Handler                
00000f7f  RTC_IRQHandler                
000015f7  Reset_Handler                 
00000f7f  SPI0_IRQHandler               
00000f7f  SPI1_IRQHandler               
00000f7f  SVC_Handler                   
00001571  SYSCFG_DL_GPIO_init           
00001279  SYSCFG_DL_SYSCTL_init         
00001171  SYSCFG_DL_UART_DEBUG_init     
000011d1  SYSCFG_DL_UART_G356_init      
00001589  SYSCFG_DL_init                
000012b9  SYSCFG_DL_initPower           
00000f7f  SysTick_Handler               
00000f7f  TIMA0_IRQHandler              
00000f7f  TIMA1_IRQHandler              
00000f7f  TIMG0_IRQHandler              
00000f7f  TIMG12_IRQHandler             
00000f7f  TIMG6_IRQHandler              
00000f7f  TIMG7_IRQHandler              
00000f7f  TIMG8_IRQHandler              
00000f7f  UART0_IRQHandler              
00000f7f  UART1_IRQHandler              
00000f7f  UART2_IRQHandler              
00000f7f  UART3_IRQHandler              
20208000  __STACK_END                   
00000200  __STACK_SIZE                  
00000000  __TI_ATRegion0_region_sz      
00000000  __TI_ATRegion0_src_addr       
00000000  __TI_ATRegion0_trg_addr       
00000000  __TI_ATRegion1_region_sz      
00000000  __TI_ATRegion1_src_addr       
00000000  __TI_ATRegion1_trg_addr       
00000000  __TI_ATRegion2_region_sz      
00000000  __TI_ATRegion2_src_addr       
00000000  __TI_ATRegion2_trg_addr       
00001714  __TI_CINIT_Base               
00001724  __TI_CINIT_Limit              
00001724  __TI_CINIT_Warm               
000016f8  __TI_Handler_Table_Base       
00001704  __TI_Handler_Table_Limit      
000013b1  __TI_auto_init_nobinit_nopinit
00001091  __TI_decompress_lzss          
000015c9  __TI_decompress_none          
ffffffff  __TI_pprof_out_hndl           
ffffffff  __TI_prof_data_size           
ffffffff  __TI_prof_data_start          
00000000  __TI_static_base__            
000015a1  __TI_zero_init_nomemset       
00000e17  __addsf3                      
00001465  __aeabi_f2iz                  
0000149d  __aeabi_f2uiz                 
00000e17  __aeabi_fadd                  
0000110d  __aeabi_fcmpeq                
00001149  __aeabi_fcmpge                
0000115d  __aeabi_fcmpgt                
00001135  __aeabi_fcmple                
00001121  __aeabi_fcmplt                
0000100d  __aeabi_fdiv                  
00000f81  __aeabi_fmul                  
00000e0d  __aeabi_fsub                  
00001339  __aeabi_i2f                   
0000108f  __aeabi_idiv0                 
000015e5  __aeabi_memcpy                
000015e5  __aeabi_memcpy4               
000015e5  __aeabi_memcpy8               
00001501  __aeabi_ui2f                  
000012f9  __aeabi_uidiv                 
000012f9  __aeabi_uidivmod              
ffffffff  __binit__                     
000013ed  __cmpsf2                      
0000100d  __divsf3                      
000013ed  __eqsf2                       
00001465  __fixsfsi                     
0000149d  __fixunssfsi                  
00001339  __floatsisf                   
00001501  __floatunsisf                 
00001375  __gesf2                       
00001375  __gtsf2                       
000013ed  __lesf2                       
000013ed  __ltsf2                       
UNDEFED   __mpu_init                    
00001429  __muldsi3                     
00000f81  __mulsf3                      
000013ed  __nesf2                       
20207e00  __stack                       
20200000  __start___llvm_prf_bits       
20200000  __start___llvm_prf_cnts       
20200000  __stop___llvm_prf_bits        
20200000  __stop___llvm_prf_cnts        
00000e0d  __subsf3                      
00001529  _c_int00_noargs               
UNDEFED   _system_post_cinit            
000015fb  _system_pre_init              
000015ed  abort                         
ffffffff  binit                         
00000000  interruptVectors              
000000c1  main                          
00000ee5  memcpy                        


GLOBAL SYMBOLS: SORTED BY Symbol Address 

address   name                          
-------   ----                          
00000000  __TI_ATRegion0_region_sz      
00000000  __TI_ATRegion0_src_addr       
00000000  __TI_ATRegion0_trg_addr       
00000000  __TI_ATRegion1_region_sz      
00000000  __TI_ATRegion1_src_addr       
00000000  __TI_ATRegion1_trg_addr       
00000000  __TI_ATRegion2_region_sz      
00000000  __TI_ATRegion2_src_addr       
00000000  __TI_ATRegion2_trg_addr       
00000000  __TI_static_base__            
00000000  interruptVectors              
000000c1  main                          
00000200  __STACK_SIZE                  
00000c19  G356_FeedByte                 
00000d19  G356_ParseData                
00000e0d  __aeabi_fsub                  
00000e0d  __subsf3                      
00000e17  __addsf3                      
00000e17  __aeabi_fadd                  
00000ee5  memcpy                        
00000f7f  ADC0_IRQHandler               
00000f7f  ADC1_IRQHandler               
00000f7f  AES_IRQHandler                
00000f7f  CANFD0_IRQHandler             
00000f7f  DAC0_IRQHandler               
00000f7f  DMA_IRQHandler                
00000f7f  Default_Handler               
00000f7f  GROUP0_IRQHandler             
00000f7f  GROUP1_IRQHandler             
00000f7f  HardFault_Handler             
00000f7f  I2C0_IRQHandler               
00000f7f  I2C1_IRQHandler               
00000f7f  NMI_Handler                   
00000f7f  PendSV_Handler                
00000f7f  RTC_IRQHandler                
00000f7f  SPI0_IRQHandler               
00000f7f  SPI1_IRQHandler               
00000f7f  SVC_Handler                   
00000f7f  SysTick_Handler               
00000f7f  TIMA0_IRQHandler              
00000f7f  TIMA1_IRQHandler              
00000f7f  TIMG0_IRQHandler              
00000f7f  TIMG12_IRQHandler             
00000f7f  TIMG6_IRQHandler              
00000f7f  TIMG7_IRQHandler              
00000f7f  TIMG8_IRQHandler              
00000f7f  UART0_IRQHandler              
00000f7f  UART1_IRQHandler              
00000f7f  UART2_IRQHandler              
00000f7f  UART3_IRQHandler              
00000f81  __aeabi_fmul                  
00000f81  __mulsf3                      
0000100d  __aeabi_fdiv                  
0000100d  __divsf3                      
0000108f  __aeabi_idiv0                 
00001091  __TI_decompress_lzss          
0000110d  __aeabi_fcmpeq                
00001121  __aeabi_fcmplt                
00001135  __aeabi_fcmple                
00001149  __aeabi_fcmpge                
0000115d  __aeabi_fcmpgt                
00001171  SYSCFG_DL_UART_DEBUG_init     
000011d1  SYSCFG_DL_UART_G356_init      
00001231  DL_UART_init                  
00001279  SYSCFG_DL_SYSCTL_init         
000012b9  SYSCFG_DL_initPower           
000012f9  __aeabi_uidiv                 
000012f9  __aeabi_uidivmod              
00001339  __aeabi_i2f                   
00001339  __floatsisf                   
00001375  __gesf2                       
00001375  __gtsf2                       
000013b1  __TI_auto_init_nobinit_nopinit
000013ed  __cmpsf2                      
000013ed  __eqsf2                       
000013ed  __lesf2                       
000013ed  __ltsf2                       
000013ed  __nesf2                       
00001429  __muldsi3                     
00001465  __aeabi_f2iz                  
00001465  __fixsfsi                     
0000149d  __aeabi_f2uiz                 
0000149d  __fixunssfsi                  
000014d1  DL_UART_transmitDataBlocking  
00001501  __aeabi_ui2f                  
00001501  __floatunsisf                 
00001529  _c_int00_noargs               
00001551  DL_UART_receiveDataBlocking   
00001571  SYSCFG_DL_GPIO_init           
00001589  SYSCFG_DL_init                
000015a1  __TI_zero_init_nomemset       
000015b7  DL_UART_setClockConfig        
000015c9  __TI_decompress_none          
000015db  DL_Common_delayCycles         
000015e5  __aeabi_memcpy                
000015e5  __aeabi_memcpy4               
000015e5  __aeabi_memcpy8               
000015ed  abort                         
000015f2  C$$EXIT                       
000015f3  HOSTexit                      
000015f7  Reset_Handler                 
000015fb  _system_pre_init              
000016f8  __TI_Handler_Table_Base       
00001704  __TI_Handler_Table_Limit      
00001714  __TI_CINIT_Base               
00001724  __TI_CINIT_Limit              
00001724  __TI_CINIT_Warm               
20200000  __start___llvm_prf_bits       
20200000  __start___llvm_prf_cnts       
20200000  __stop___llvm_prf_bits        
20200000  __stop___llvm_prf_cnts        
20207e00  __stack                       
20208000  __STACK_END                   
ffffffff  __TI_pprof_out_hndl           
ffffffff  __TI_prof_data_size           
ffffffff  __TI_prof_data_start          
ffffffff  __binit__                     
ffffffff  binit                         
UNDEFED   __mpu_init                    
UNDEFED   _system_post_cinit            

[120 symbols]
